// Jest Snapshot v1, https://goo.gl/fbAQLP

exports[`Given a Card component When executing the component Then it should render 1`] = `
<div
  className="sc-jRQBWg eTyaUi card"
>
  <img
    alt="Overtaker card"
    src="https://gatherer.wizards.com/Handlers/Image.ashx?multiverseid=97051&type=card"
  />
  <section>
    <h3
      className="card--name"
    >
      Overtaker
    </h3>
    <p
      className="card--type"
    >
      Type: 
      Creature
    </p>
    <p
      className="card--color"
    >
      Color: 
      Blue
    </p>
    <p
      className="card--rarity"
    >
      Rarity: 
      Rare
    </p>
    <button
      className="sc-bdvvtL sc-dkPtRN ewqzMe jGLYfy"
    >
      MORE INFO
    </button>
    <button
      className="sc-bdvvtL sc-dkPtRN ewqzMe jGLYfy"
    >
      ADD TO DECK
    </button>
  </section>
</div>
`;
