// Jest Snapshot v1, https://goo.gl/fbAQLP

exports[`Given a SearchButtonsContainer component When recive a component Then it should render 1`] = `
<div
  className="sc-bdvvtL kLsyKV searchButtonContainer"
>
  <p>
    Show me the cards
  </p>
  <a
    href="/results"
    onClick={[Function]}
  >
    <button
      className="sc-gsDKAQ sc-eCImPb cvbhQH XiARI"
    >
      Show Cards
    </button>
  </a>
</div>
`;
